// Jest Snapshot v1, https://goo.gl/fbAQLP

exports[`Search component renders correctly 1`] = `
<div>
  <form
    class="search-form"
    role="search"
  >
    <div
      class="search-input-container"
    >
      <input
        aria-label="Search podcasts"
        autocomplete="off"
        class="form-control"
        placeholder="Search podcasts"
        type="search"
      />
    </div>
    <button
      aria-label="Search"
      class="search-button"
      type="submit"
    >
      Search
    </button>
  </form>
</div>
`;

exports[`Search component renders with query signal 1`] = `
<div>
  <form
    class="search-form"
    role="search"
  >
    <div
      class="search-input-container"
    >
      <input
        aria-label="Search podcasts"
        autocomplete="off"
        class="form-control"
        placeholder="Search podcasts"
        type="search"
      />
    </div>
    <button
      aria-label="Search"
      class="search-button"
      type="submit"
    >
      Search
    </button>
  </form>
</div>
`;
